adaptor.c:32:18:get_runtime_adaptor	4	static
adaptor.c:38:6:initiate_input_channels	4	static
adaptor.c:43:6:initiate_output_channels	4	static
adaptor.c:59:6:initate_analog_channels	4	static
adaptor.c:70:6:hal_gpio_write_pin	16	static
adaptor.c:74:10:hal_gpio_read_pin	16	static
adaptor.c:80:10:hal_read_analog_ch	24	static
adaptor.c:95:6:HAL_ADC_ConvCpltCallback	32	static
adaptor.c:112:10:hal_get_tick	8	static
adaptor.c:116:6:hal_init_tick	8	static
adaptor.c:124:6:init_comm_data_service	8	static
adaptor.c:130:6:init_comm_timing_service	8	static
adaptor.c:135:6:start_comm_timer	16	static
adaptor.c:141:6:stop_comm_timer	16	static
adaptor.c:147:6:HAL_UART_RxCpltCallback	16	static
adaptor.c:156:6:Runtime_Adaptor_TIM_PeriodElapsedCallback	16	static
adaptor.c:168:6:hal_modbus_uart_tx	16	static
adaptor.c:172:6:HAL_UART_TxCpltCallback	16	static
adaptor.c:176:6:get_uniqueid	24	static
adaptor.c:184:6:get_flash_memory_info	16	static
adaptor.c:189:9:write_to_flash	32	static
adaptor.c:209:9:erase_flash	48	static
adaptor.c:239:8:hal_get_encoder_value	16	static
adaptor.c:253:7:Display_String	24	static
adaptor.c:261:7:Display_Number	40	static
adaptor.c:278:6:Display_Image	56	static
adaptor.c:302:6:Display_Clear_Area	24	static
adaptor.c:307:6:Display_AnalogBar_PercText	32	static
adaptor.c:318:6:Display_AnalogBar_BoundingRect	24	static
adaptor.c:323:6:Display_AnalogBar	48	static
adaptor.c:398:6:init_lcd_display	8	static
adaptor.c:427:6:Display_Clear	8	static
adaptor.c:436:6:hal_disable_interrupts	4	static,ignoring_inline_asm
adaptor.c:440:6:hal_enable_interrupts	4	static,ignoring_inline_asm
adaptor.c:444:6:initiate_runtime	8	static
