main.c:99:5:main	8	static
main.c:156:6:SystemClock_Config	88	static
main.c:206:13:MX_ADC1_Init	24	static
main.c:264:13:MX_CRC_Init	8	static
main.c:290:13:MX_DMA2D_Init	8	static
main.c:327:13:MX_I2C3_Init	8	static
main.c:373:13:MX_LTDC_Init	64	static
main.c:435:13:MX_SPI5_Init	8	static
main.c:473:13:MX_TIM1_Init	32	static
main.c:519:13:MX_TIM7_Init	16	static
main.c:557:13:MX_USART1_UART_Init	8	static
main.c:590:13:MX_USB_OTG_HS_HCD_Init	8	static
main.c:622:13:MX_DMA_Init	16	static
main.c:636:13:MX_FMC_Init	40	static
main.c:687:13:MX_GPIO_Init	64	static
main.c:783:6:HAL_TIM_PeriodElapsedCallback	16	static
main.c:803:6:Error_Handler	4	static,ignoring_inline_asm
