stm32f4xx_hal_msp.c:64:6:HAL_MspInit	16	static
stm32f4xx_hal_msp.c:86:6:HAL_ADC_MspInit	48	static
stm32f4xx_hal_msp.c:148:6:HAL_ADC_MspDeInit	16	static
stm32f4xx_hal_msp.c:184:6:HAL_CRC_MspInit	24	static
stm32f4xx_hal_msp.c:206:6:HAL_CRC_MspDeInit	16	static
stm32f4xx_hal_msp.c:228:6:HAL_DMA2D_MspInit	24	static
stm32f4xx_hal_msp.c:253:6:HAL_DMA2D_MspDeInit	16	static
stm32f4xx_hal_msp.c:278:6:HAL_I2C_MspInit	48	static
stm32f4xx_hal_msp.c:322:6:HAL_I2C_MspDeInit	16	static
stm32f4xx_hal_msp.c:353:6:HAL_LTDC_MspInit	112	static
stm32f4xx_hal_msp.c:479:6:HAL_LTDC_MspDeInit	16	static
stm32f4xx_hal_msp.c:543:6:HAL_SPI_MspInit	48	static
stm32f4xx_hal_msp.c:580:6:HAL_SPI_MspDeInit	16	static
stm32f4xx_hal_msp.c:610:6:HAL_TIM_Base_MspInit	24	static
stm32f4xx_hal_msp.c:646:6:HAL_TIM_Base_MspDeInit	16	static
stm32f4xx_hal_msp.c:682:6:HAL_UART_MspInit	48	static
stm32f4xx_hal_msp.c:721:6:HAL_UART_MspDeInit	16	static
stm32f4xx_hal_msp.c:752:6:HAL_HCD_MspInit	48	static
stm32f4xx_hal_msp.c:792:6:HAL_HCD_MspDeInit	16	static
stm32f4xx_hal_msp.c:820:13:HAL_FMC_MspInit	32	static
stm32f4xx_hal_msp.c:926:6:HAL_SDRAM_MspInit	16	static
stm32f4xx_hal_msp.c:938:13:HAL_FMC_MspDeInit	8	static
stm32f4xx_hal_msp.c:1012:6:HAL_SDRAM_MspDeInit	16	static
